== W4 mutation-recall re-audit ==
effective corpus 5010; strata no_kill=3169  no_site=1200  safety_catch=641
sample 30/stratum, seed 1, timeout 60s
-- stratum no_kill (N=3169)
  [no_kill] w4opus::d9-m4-p1-t5: recall_miss battery=0/1 probe=2/12 killers=bound_shift
  [no_kill] w4opus::d3-m2-p4-t1: no_evidence battery=0/1 probe=0/11 killers=-
== W4 mutation-recall re-audit ==
effective corpus 5010; strata no_kill=3169  no_site=1200  safety_catch=641
sample 30/stratum, seed 1, timeout 60s
resuming: 2 specs already scored in results/analysis/w4_recall_audit_2026-08-30_seed1_rows.jsonl
-- stratum no_kill (N=3169)
  [no_kill] w4opus::d7-m6-p6-t4: recall_miss battery=0/1 probe=2/10 killers=bound_shift
  [no_kill] w4opus::d0-m2-p6-t2: no_evidence battery=0/1 probe=0/10 killers=-
  [no_kill] w4opus::d17-m3-p4-t3: recall_miss battery=0/1 probe=2/12 killers=bound_shift,cmp_relax
  [no_kill] w4opus::d8-m7-p0-t0: no_evidence battery=0/1 probe=0/8 killers=-
  [no_kill] w4opus::d2-m8-p6-t4: no_evidence battery=0/1 probe=0/9 killers=-
  [no_kill] w4opus::d6m8p3t0: no_evidence battery=0/1 probe=0/3 killers=-
  [no_kill] w4opus::d4-m9-p6-t3: no_evidence battery=0/1 probe=0/10 killers=-
  [no_kill] w4opus::d17-m3-p1-t4: recall_miss battery=0/1 probe=3/10 killers=bound_shift
  [no_kill] w4opus::d4-m7-p6-t2: recall_miss battery=0/1 probe=1/9 killers=guard_relax
  [no_kill] w4opus::d17-m3-p2-t2: recall_miss battery=0/1 probe=3/13 killers=bound_shift
  [no_kill] w4opus::d12-m3-p3-t3: recall_miss battery=0/1 probe=1/9 killers=guard_relax
  [no_kill] w4opus::d5-m6-p6-t5: recall_miss battery=0/1 probe=2/12 killers=bound_shift
  [no_kill] w4opus::d8-m2-p0-t4: recall_miss battery=0/1 probe=2/7 killers=bound_shift,guard_relax
  [no_kill] w4opus::d9-m5-p6-t3: no_evidence battery=0/1 probe=0/13 killers=-
  [no_kill] w4opus::d17-m5-p5-t5: no_evidence battery=0/1 probe=0/6 killers=-
  [no_kill] w4opus::d17-m8-p1-t5: no_evidence battery=0/1 probe=0/8 killers=-
  [no_kill] w4opus::d8-m6-p2-t3: recall_miss battery=0/1 probe=3/12 killers=bound_shift
  [no_kill] w4opus::d12-m3-p0-t3: no_evidence battery=0/1 probe=0/8 killers=-
  [no_kill] w4opus::d5-m0-p3-t1: recall_miss battery=0/1 probe=3/13 killers=bound_shift
  [no_kill] w4opus::d14-m1-p6-t0: recall_miss battery=0/1 probe=3/16 killers=bound_shift,guard_relax
  [no_kill] w4opus::d6-m7-p4-t4: recall_miss battery=0/1 probe=1/13 killers=cmp_relax
  [no_kill] w4opus::d11-m6-p1-t5: recall_miss battery=0/1 probe=3/16 killers=bound_shift,cmp_relax,guard_relax
  [no_kill] w4opus::d11-m3-p4-t2: recall_miss battery=0/1 probe=3/17 killers=bound_shift,cmp_relax,conj_to_disj
  [no_kill] w4opus::d17-m8-p4-t0: recall_miss battery=0/1 probe=4/12 killers=bound_shift,guard_relax
  [no_kill] w4opus::d9-m1-p5-t1: recall_miss battery=0/1 probe=1/10 killers=guard_relax
  [no_kill] w4opus::d7-m7-p3-t5: no_evidence battery=0/1 probe=0/6 killers=-
  [no_kill] w4opus::d8-m6-p3-t4: recall_miss battery=0/1 probe=1/13 killers=guard_relax
  [no_kill] w4opus::d9-m4-p5-t5: recall_miss battery=0/1 probe=1/6 killers=guard_relax
-- stratum no_site (N=1200)
  [no_site] w4opus::d13-m2-p5-t1: recall_miss battery=0/0 probe=1/8 killers=bound_shift
  [no_site] w4opus::d7-m9-p5-t5: recall_miss battery=0/0 probe=1/9 killers=bound_shift
  [no_site] w4opus::d16-m9-p6-t5: no_evidence battery=0/0 probe=0/4 killers=-
  [no_site] w4opus::d11-m6-p0-t0: no_evidence battery=0/0 probe=0/6 killers=-
  [no_site] w4opus::d14-m5-p4-t1: recall_miss battery=0/0 probe=2/8 killers=bound_shift,cmp_relax
  [no_site] w4opus::d4-m2-p0-t1: no_evidence battery=0/0 probe=0/5 killers=-
  [no_site] w4opus::d15-m2-p6-t3: recall_miss battery=0/0 probe=3/11 killers=bound_shift,guard_relax
  [no_site] w4opus::d18-m3-p1-t0: recall_miss battery=0/0 probe=1/8 killers=bound_shift
  [no_site] w4opus::d10-m9-p3-t0: no_evidence battery=0/0 probe=0/6 killers=-
  [no_site] w4opus::d16-m7-p3-t0: no_evidence battery=0/0 probe=0/4 killers=-
  [no_site] w4opus::d14m8: recall_miss battery=0/0 probe=2/11 killers=bound_shift,cmp_relax
  [no_site] w4opus::d17-m2-p3-t5: no_evidence battery=0/0 probe=0/5 killers=-
  [no_site] w4opus::d18-m9-p4-t4: recall_miss battery=0/0 probe=1/8 killers=cmp_relax
  [no_site] w4opus::d5-m7-p4-t0: recall_miss battery=0/0 probe=2/9 killers=bound_shift
  [no_site] w4opus::d17-m4-p6-t4: recall_miss battery=0/0 probe=3/17 killers=bound_shift,cmp_relax,guard_relax
  [no_site] w4opus::d4-m5-p4-t0: recall_miss battery=0/0 probe=3/14 killers=bound_shift,cmp_relax
  [no_site] w4opus::d15-m2-p2-t4: recall_miss battery=0/0 probe=2/14 killers=bound_shift
  [no_site] w4opus::d12-m5-p4-t0: recall_miss battery=0/0 probe=1/12 killers=bound_shift
  [no_site] w4opus::d3-m6-p4-t4: recall_miss battery=0/0 probe=1/13 killers=cmp_relax
  [no_site] w4opus::d19-m9-p1-t2: no_evidence battery=0/0 probe=0/13 killers=-
  [no_site] w4opus::d1-m5-p6-t0: recall_miss battery=0/0 probe=1/13 killers=guard_relax
  [no_site] w4opus::d5-m0-p5-t5: no_evidence battery=0/0 probe=0/13 killers=-
  [no_site] w4opus::d3-m9-p5-t0: recall_miss battery=0/0 probe=3/12 killers=bound_shift,guard_relax
  [no_site] w4opus::d3-m6-p4-t2: recall_miss battery=0/0 probe=4/16 killers=bound_shift,cmp_relax,guard_relax
  [no_site] w4opus::d19-m9-p0-t3: recall_miss battery=0/0 probe=1/12 killers=guard_relax
  [no_site] w4opus::d7-m2-p1-t5: no_evidence battery=0/0 probe=0/15 killers=-
  [no_site] w4opus::d3-m4-p6-t5: recall_miss battery=0/0 probe=1/14 killers=guard_relax
  [no_site] w4opus::d17-m4-p4-t0: recall_miss battery=0/0 probe=1/15 killers=bound_shift
  [no_site] w4opus::d1-m5-p6-t4: recall_miss battery=0/0 probe=1/15 killers=bound_shift
  [no_site] w4opus::d16-m1-p2-t0: recall_miss battery=0/0 probe=3/13 killers=bound_shift
-- stratum safety_catch (N=641)
  [safety_catch] w4opus::d14-m4-p0-t4: covered battery=1/1 probe=5/9 killers=bound_shift,cmp_relax
  [safety_catch] w4opus::d18-m3-p5-t4: no_evidence battery=1/1 probe=0/7 killers=-
  [safety_catch] w4opus::d14-m4-p3-t2: no_evidence battery=1/1 probe=0/8 killers=-
  [safety_catch] w4opus::d2-m2-p2-t2: covered battery=1/2 probe=8/15 killers=bound_shift,guard_relax
  [safety_catch] w4opus::d11-m1-p1-t4: covered battery=2/2 probe=2/8 killers=bound_shift
  [safety_catch] w4opus::d10-m1-p2-t1: covered battery=1/1 probe=3/15 killers=bound_shift
  [safety_catch] w4opus::d2-m9-p2-t2: covered battery=1/2 probe=5/15 killers=bound_shift,conj_to_disj
  [safety_catch] w4opus::d6-m6-p1-t2: covered battery=1/1 probe=1/11 killers=bound_shift
  [safety_catch] w4opus::d3-m4-p3-t0: no_evidence battery=1/1 probe=0/14 killers=-
  [safety_catch] w4opus::d8-m1-p3-t3: no_evidence battery=1/1 probe=0/12 killers=-
  [safety_catch] w4opus::d17-m1-p2-t0: covered battery=1/1 probe=4/15 killers=bound_shift,cmp_relax
  [safety_catch] w4opus::d1-m9-p2-t2: covered battery=1/1 probe=2/12 killers=guard_relax
  [safety_catch] w4opus::d1-m3-p1-t5: covered battery=1/1 probe=1/14 killers=bound_shift
  [safety_catch] w4opus::d3-m3-p3-t3: no_evidence battery=1/1 probe=0/7 killers=-
  [safety_catch] w4opus::d11-m7-p2-t2: covered battery=1/2 probe=5/14 killers=bound_shift
  [safety_catch] w4opus::d14-m7-p3-t3: covered battery=1/1 probe=1/13 killers=bound_shift
  [safety_catch] w4opus::d12-m5-p4-t2: covered battery=1/2 probe=3/11 killers=bound_shift
  [safety_catch] w4opus::d12-m5-p2-t2: covered battery=1/2 probe=3/10 killers=bound_shift
  [safety_catch] w4opus::d14-m4-p2-t2: covered battery=1/1 probe=2/13 killers=bound_shift
  [safety_catch] w4opus::d4-m4-p2-t3: covered battery=1/2 probe=3/15 killers=bound_shift
  [safety_catch] w4opus::d2-m7-p4-t5: covered battery=1/1 probe=4/10 killers=bound_shift,cmp_relax
  [safety_catch] w4opus::d19-m9-p2-t2: covered battery=1/1 probe=6/16 killers=bound_shift,guard_relax
  [safety_catch] w4opus::d18-m4-p2-t2: covered battery=1/1 probe=5/18 killers=bound_shift
  [safety_catch] w4opus::d8-m6-p2-t1: covered battery=1/2 probe=1/14 killers=bound_shift
  [safety_catch] w4opus::d13-m8-p2-t4: covered battery=1/2 probe=5/14 killers=bound_shift
  [safety_catch] w4opus::d6-m1-p5-t3: no_evidence battery=1/1 probe=0/10 killers=-
  [safety_catch] w4opus::d19-m2-p1-t3: no_evidence battery=1/1 probe=0/4 killers=-
  [safety_catch] w4opus::d5-m3-p2-t1: covered battery=1/1 probe=1/5 killers=guard_relax
  [safety_catch] w4opus::d4-m5-p2-t2: covered battery=1/1 probe=3/13 killers=bound_shift
  [safety_catch] w4opus::d16-m7-p0-t5: no_evidence battery=1/1 probe=0/16 killers=-

== re-audit summary ==
stratum          n  cov  miss  noev  recall  real_catch  reproduced
no_kill         30    0    19    11    0.00     19/30       30/30  
no_site         30    0    21     9    0.00     21/30       30/30  
safety_catch    30   22     0     8    1.00     22/30       30/30  

weak-labelled rows (no_kill + no_site) with a demonstrable catch: 40/60 = 67%
corpus-weighted operator recall = 470/3317 = 0.14 (floor 0.5)
corpus rows with a demonstrable catch ~= 3317/5010 = 66%; ledgered safety_catch = 641 = 13%
operators the battery is missing: {'bound_shift': 29, 'guard_relax': 16, 'cmp_relax': 11, 'conj_to_disj': 1}
