[1/260] FastMutexWithGoto2: accepted so far 4/4 attempts
[2/260] DiningPhilosophers: accepted so far 4/8 attempts
[3/260] CDiningPhilosophers: accepted so far 6/12 attempts
[4/260] Peterson: accepted so far 10/16 attempts
[5/260] test27: accepted so far 14/20 attempts
[6/260] CDiningPhilosophers: accepted so far 14/21 attempts
[7/260] ConsensusMulti: accepted so far 17/25 attempts
[8/260] TESpecTest: accepted so far 17/29 attempts
[9/260] SystemLoop: accepted so far 19/33 attempts
[10/260] Session11projspec_MC: accepted so far 22/37 attempts
[11/260] test59: accepted so far 22/38 attempts
[12/260] MC: accepted so far 26/42 attempts
[13/260] I: accepted so far 28/46 attempts
[14/260] MC06: accepted so far 31/50 attempts
[15/260] FastMutexWithGoto2: accepted so far 34/54 attempts
[16/260] Peterson: accepted so far 36/58 attempts
[17/260] Bug2750: accepted so far 36/59 attempts
[18/260] AssignmentInit: accepted so far 39/63 attempts
[19/260] TraceWithLargeSetOfInitialStatesTest: accepted so far 42/67 attempts
[20/260] TCommit_MC: accepted so far 45/71 attempts
[21/260] Session7_MC: accepted so far 47/75 attempts
[22/260] DiningPhilosophers: accepted so far 50/79 attempts
[23/260] Euclid3: accepted so far 52/83 attempts
[24/260] Lock: accepted so far 55/87 attempts
[25/260] ConsensusSingle: accepted so far 55/88 attempts
[26/260] Test2a: accepted so far 58/92 attempts
[27/260] TESpecPlusCalTest: accepted so far 59/96 attempts
[28/260] Session11afair_MC: accepted so far 60/100 attempts
[29/260] Session9alt_MC: accepted so far 60/104 attempts
[30/260] Session9onebit_MC: accepted so far 63/108 attempts
[31/260] Session9sem_MC: accepted so far 63/112 attempts
[32/260] Session11a_MC: accepted so far 65/116 attempts
[33/260] EWD840MC3: accepted so far 65/117 attempts
[34/260] FastMutexWithGoto: accepted so far 66/121 attempts
[35/260] CDiningPhilosophers: accepted so far 69/125 attempts
[36/260] test216: accepted so far 69/129 attempts
[37/260] TESpecTest: accepted so far 72/133 attempts
[38/260] SystemLoop: accepted so far 75/137 attempts
[39/260] test59: accepted so far 79/141 attempts
[40/260] Session11c_MC: accepted so far 80/145 attempts
[41/260] MC: accepted so far 82/149 attempts
[42/260] I: accepted so far 85/153 attempts
[43/260] DepthFirstErrorTrace: accepted so far 87/157 attempts
[44/260] MC06: accepted so far 91/161 attempts
[45/260] MC03Sim: accepted so far 93/165 attempts
[46/260] EWD840MC2: accepted so far 94/169 attempts
[47/260] InlineMC: accepted so far 97/173 attempts
[48/260] FastMutexWithGoto2: accepted so far 100/177 attempts
[49/260] Peterson: accepted so far 101/181 attempts
[50/260] Bug2750: accepted so far 104/185 attempts
[51/260] AssignmentInit: accepted so far 107/189 attempts
[52/260] Github1037: accepted so far 111/193 attempts
[53/260] TraceWithLargeSetOfInitialStatesTest: accepted so far 112/197 attempts
[54/260] Github461: accepted so far 115/201 attempts
[55/260] Session8_MC: accepted so far 119/205 attempts
[56/260] Session7_MC: accepted so far 122/209 attempts
[57/260] DiningPhilosophers: accepted so far 123/213 attempts
[58/260] test27: accepted so far 124/217 attempts
[59/260] Euclid3: accepted so far 126/221 attempts
[60/260] Lock: accepted so far 129/225 attempts
[61/260] ConsensusSingle: accepted so far 129/229 attempts
[62/260] Test2a: accepted so far 133/233 attempts
[63/260] Session11afair_MC: accepted so far 136/237 attempts
[64/260] DistributedTrace: accepted so far 139/241 attempts
[65/260] Session9alt_MC: accepted so far 139/245 attempts
[66/260] Session9sem_MC: accepted so far 141/249 attempts
[67/260] MC: accepted so far 144/253 attempts
[68/260] Euclid3: accepted so far 148/257 attempts
[69/260] Vortex_DSE_CSlot_AE_Proofs: accepted so far 149/261 attempts
[70/260] MC06: accepted so far 153/265 attempts
[71/260] Session11projspec_MC: accepted so far 156/269 attempts
[72/260] Continue: accepted so far 158/273 attempts
[73/260] MC03Sim: accepted so far 158/277 attempts
[74/260] EWD840MC3: accepted so far 159/281 attempts
[75/260] FastMutexWithGoto: accepted so far 161/285 attempts
[76/260] MC: accepted so far 165/289 attempts
[77/260] PaxosCommit_MC: accepted so far 165/290 attempts
[78/260] Bug2750: accepted so far 169/294 attempts
[79/260] AssignmentInit: accepted so far 169/298 attempts
[80/260] DistributedTrace: accepted so far 170/302 attempts
[81/260] Session9alt_MC: accepted so far 174/306 attempts
[82/260] Session9onebit_MC: accepted so far 176/310 attempts
[83/260] I: accepted so far 179/314 attempts
[84/260] Session9sem_MC: accepted so far 182/318 attempts
[85/260] Github461: accepted so far 184/322 attempts
[86/260] EWD840MC2: accepted so far 188/326 attempts
[87/260] test216: accepted so far 189/330 attempts
[88/260] TESpecTest: accepted so far 193/334 attempts
[89/260] ConsensusSingle: accepted so far 195/338 attempts
[90/260] TESpecPlusCalTest: accepted so far 197/342 attempts
[91/260] test59: accepted so far 200/346 attempts
[92/260] Github1037: accepted so far 201/350 attempts
[93/260] Session11c_MC: accepted so far 202/354 attempts
[94/260] Session6func_MC: accepted so far 206/358 attempts
[95/260] MC: accepted so far 209/362 attempts
[96/260] TraceWithLargeSetOfInitialStatesTest: accepted so far 211/366 attempts
[97/260] Session8_MC: accepted so far 211/370 attempts
[98/260] TCommit_MC: accepted so far 215/374 attempts
[99/260] InlineMC: accepted so far 217/378 attempts
[100/260] DieHard: accepted so far 217/382 attempts
[101/260] ConsensusMulti: accepted so far 218/386 attempts
[102/260] Lock: accepted so far 220/390 attempts
[103/260] Config: accepted so far 220/394 attempts
[104/260] SystemLoop: accepted so far 220/398 attempts
[105/260] Test2a: accepted so far 223/402 attempts
[106/260] Session11afair_MC: accepted so far 227/406 attempts
[107/260] TwoPhase_MC: accepted so far 230/410 attempts
[108/260] DepthFirstErrorTrace: accepted so far 232/414 attempts
[109/260] MC: accepted so far 235/418 attempts
[110/260] Session11a_MC: accepted so far 235/422 attempts
[111/260] Session7_MC: accepted so far 236/426 attempts
[112/260] PALMinimal: accepted so far 237/430 attempts
[113/260] SimpleValue: accepted so far 239/434 attempts
[114/260] spec: accepted so far 239/438 attempts
[115/260] spec: accepted so far 243/442 attempts
[116/260] spec: accepted so far 245/446 attempts
[117/260] spec: accepted so far 246/450 attempts
[118/260] spec: accepted so far 247/454 attempts
[119/260] spec: accepted so far 251/458 attempts
[120/260] AntflyLsmLifecycle: accepted so far 251/462 attempts
[121/260] SetAdd_13: accepted so far 251/463 attempts
[122/260] SetAdd_7: accepted so far 253/467 attempts
[123/260] SetAddDel_11: accepted so far 255/471 attempts
[124/260] SetAddDel_21: accepted so far 258/475 attempts
[125/260] SetAddDel_6: accepted so far 258/476 attempts
[126/260] SetSndRcv_11: accepted so far 261/480 attempts
[127/260] SetSndRcv_NoFullDrop_14: accepted so far 264/484 attempts
[128/260] MC: accepted so far 266/488 attempts
[129/260] MC: accepted so far 269/492 attempts
[130/260] ABSpec: accepted so far 270/496 attempts
[131/260] Example6_Bound: accepted so far 270/500 attempts
[132/260] ImageCacheTwo: accepted so far 274/504 attempts
[133/260] TlcMultipleTraceParse: accepted so far 274/508 attempts
[134/260] websockets: accepted so far 277/512 attempts
[135/260] Simple: accepted so far 281/516 attempts
[136/260] AdaptiveK: accepted so far 284/520 attempts
[137/260] MCAtomic: accepted so far 286/524 attempts
[138/260] spec: accepted so far 288/528 attempts
[139/260] SAMC22: accepted so far 292/532 attempts
[140/260] IntClocks_5: accepted so far 296/536 attempts
[141/260] SetAddDel_15: accepted so far 298/540 attempts
[142/260] SetAddDel_19: accepted so far 298/541 attempts
[143/260] SetSndRcv_NoFullDrop_5: accepted so far 301/545 attempts
[144/260] MC: accepted so far 305/549 attempts
[145/260] aiorwlock: accepted so far 308/553 attempts
[146/260] CaptureMinimal: accepted so far 311/557 attempts
[147/260] ReentrancyMinimal: accepted so far 313/561 attempts
[148/260] 2pc: accepted so far 315/565 attempts
[149/260] AbstractEventListener: accepted so far 318/569 attempts
[150/260] spec: accepted so far 322/573 attempts
[151/260] bad: accepted so far 324/577 attempts
[152/260] spec: accepted so far 328/581 attempts
[153/260] spec: accepted so far 332/585 attempts
[154/260] spec: accepted so far 335/589 attempts
[155/260] dbl: accepted so far 335/593 attempts
[156/260] spec: accepted so far 336/597 attempts
[157/260] spec: accepted so far 340/601 attempts
[158/260] spec: accepted so far 344/605 attempts
[159/260] spec: accepted so far 344/609 attempts
[160/260] SAMC53: accepted so far 344/613 attempts
[161/260] MC4: accepted so far 347/617 attempts
[162/260] SetAdd_10: accepted so far 347/618 attempts
[163/260] SetAdd_14: accepted so far 347/619 attempts
[164/260] SetAdd_8: accepted so far 347/620 attempts
[165/260] SetAddDel_12: accepted so far 348/624 attempts
[166/260] SetAddDel_22: accepted so far 348/628 attempts
[167/260] SetAddDel_7: accepted so far 348/629 attempts
[168/260] SetSndRcv_NoFullDrop_11: accepted so far 352/633 attempts
[169/260] SetSndRcv_NoFullDrop_15: accepted so far 355/637 attempts
[170/260] Example8_Dining: accepted so far 358/641 attempts
[171/260] specification_directive: accepted so far 361/645 attempts
[172/260] 2PC: accepted so far 365/649 attempts
[173/260] beans: accepted so far 368/653 attempts
[174/260] test27: accepted so far 370/657 attempts
[175/260] IntClocks_2: accepted so far 372/661 attempts
[176/260] IntClocks_Bounded_1: accepted so far 373/665 attempts
[177/260] IntClocks_Bounded_4: accepted so far 377/669 attempts
[178/260] SetAddDel_16: accepted so far 377/670 attempts
[179/260] SetAddDel_20: accepted so far 380/674 attempts
[180/260] SetSndRcv_NoFullDrop_6: accepted so far 383/678 attempts
[181/260] MC: accepted so far 387/682 attempts
[182/260] DSM_GuardedMC_WF: accepted so far 390/686 attempts
[183/260] aiorwlock_bug: accepted so far 391/690 attempts
[184/260] ConfigValidation: accepted so far 393/694 attempts
[185/260] SaveStateTest: accepted so far 396/698 attempts
[186/260] ThreadingMinimal: accepted so far 397/702 attempts
[187/260] good: accepted so far 400/706 attempts
[188/260] pluscal: accepted so far 403/710 attempts
[189/260] spec: accepted so far 403/714 attempts
[190/260] pluscal: accepted so far 405/718 attempts
[191/260] spec: accepted so far 407/722 attempts
[192/260] pluscal: accepted so far 409/726 attempts
[193/260] spec: accepted so far 412/730 attempts
[194/260] spec: accepted so far 412/731 attempts
[195/260] TwoPhase: accepted so far 414/735 attempts
[196/260] spec: accepted so far 416/739 attempts
[197/260] ksubsets_ex_quant: accepted so far 420/743 attempts
[198/260] test216: accepted so far 424/747 attempts
[199/260] SetAdd_5: accepted so far 424/748 attempts
[200/260] SetAdd_9: accepted so far 428/752 attempts
[201/260] SetAddDel_13: accepted so far 432/756 attempts
[202/260] SetAddDel_23: accepted so far 432/760 attempts
[203/260] SetAddDel_8: accepted so far 436/764 attempts
[204/260] SetSndRcv_6: accepted so far 440/768 attempts
[205/260] SetSndRcv_NoFullDropCard_13: accepted so far 443/772 attempts
[206/260] MC: accepted so far 445/776 attempts
[207/260] TCommit: accepted so far 447/780 attempts
[208/260] DSM_GuardedMC_BilateralWF: accepted so far 451/784 attempts
[209/260] PetersonTLAPS: accepted so far 451/788 attempts
[210/260] ImageCacheOne: accepted so far 455/792 attempts
[211/260] BlockingQueue: accepted so far 458/796 attempts
[212/260] BlockingQueueSplit: accepted so far 462/800 attempts
[213/260] MCSerializability: accepted so far 462/801 attempts
[214/260] 2PC2withBTM: accepted so far 464/805 attempts
[215/260] beansAlg3: accepted so far 464/809 attempts
[216/260] test56: accepted so far 464/813 attempts
[217/260] MC3: accepted so far 467/817 attempts
[218/260] IntClocks_Bounded_5: accepted so far 470/821 attempts
[219/260] SetAddDel_17: accepted so far 474/825 attempts
[220/260] MC: accepted so far 478/829 attempts
[221/260] MC: accepted so far 480/833 attempts
[222/260] specification_directive_multi_var: accepted so far 481/837 attempts
[223/260] BlockingQueueDebug: accepted so far 484/841 attempts
[224/260] dual_writes: accepted so far 488/845 attempts
[225/260] MyGCD_Check: accepted so far 490/849 attempts
[226/260] spec: accepted so far 491/853 attempts
[227/260] tla: accepted so far 492/857 attempts
[228/260] clock: accepted so far 495/861 attempts
[229/260] spec: accepted so far 498/865 attempts
[230/260] spec: accepted so far 499/869 attempts
[231/260] spec: accepted so far 500/873 attempts
[232/260] MC: accepted so far 500/877 attempts
[233/260] aiorwlock: accepted so far 500/881 attempts
[234/260] Bug2750: accepted so far 503/885 attempts
[235/260] SetAdd_12: accepted so far 506/889 attempts
[236/260] SetAdd_6: accepted so far 509/893 attempts
[237/260] SetAddDel_10: accepted so far 509/894 attempts
[238/260] SetAddDel_14: accepted so far 513/898 attempts
[239/260] SetAddDel_5: accepted so far 515/902 attempts
[240/260] SetAddDel_9: accepted so far 518/906 attempts
[241/260] SetSndRcv_14: accepted so far 518/907 attempts
[242/260] SetSndRcv_7: accepted so far 521/911 attempts
[243/260] SetSndRcv_NoFullDrop_13: accepted so far 521/915 attempts
[244/260] MC: accepted so far 524/919 attempts
[245/260] dekkers: accepted so far 524/923 attempts
[246/260] SpireLive: accepted so far 524/927 attempts
[247/260] ThreadPool_Correctness_3_Items_3_Threads: accepted so far 527/931 attempts
[248/260] spec: accepted so far 531/935 attempts
[249/260] MC: accepted so far 532/939 attempts
[250/260] MC7: accepted so far 534/943 attempts
[251/260] IntClocks_4: accepted so far 535/947 attempts
[252/260] IntClocks_Bounded_2: accepted so far 538/951 attempts
[253/260] SetAddDel_18: accepted so far 541/955 attempts
[254/260] SetSndRcv_8: accepted so far 543/959 attempts
[255/260] SetSndRcv_NoFullDrop_10: accepted so far 543/960 attempts
[256/260] MC: accepted so far 545/964 attempts
[257/260] MC: accepted so far 549/968 attempts
[258/260] MC: accepted so far 552/972 attempts
[259/260] MC: accepted so far 555/976 attempts
[260/260] SPSafe: accepted so far 558/980 attempts
harvest done: 558 minimal-diff triples from 980 attempts -> /Users/eric/GitHub/prove-TLA/results/runs/w26-harvest-20b/harvest_triples.jsonl
