
\* TLAPM version 80172c6
\* launched at 2026-07-08 14:14:24 with command line:
\* /Users/eric/GitHub/prove-TLA/tools/tlapm/bin/tlapm --toolbox 0 0 --printallobs -I /Users/eric/GitHub/prove-TLA/tools/tlapm/lib/tlapm/stdlib -I /Users/eric/GitHub/prove-TLA/tools/community-modules -I /Users/eric/GitHub/prove-TLA/tools/extra-modules sums_even.tla

@!!BEGIN
@!!type:obligation
@!!id:1
@!!loc:11:1:11:3
@!!status:to be proved
@!!obl:ASSUME Even(x) == x % 2 = 0,
       Z3 
PROVE  \A x \in Nat : Even(x + x)

@!!END

@!!BEGIN
@!!type:obligation
@!!id:2
@!!loc:11:4:11:6
@!!status:to be proved
@!!obl:ASSUME Even(x) == x % 2 = 0
PROVE  Z3

@!!END

@!!BEGIN
@!!type:obligation
@!!id:3
@!!loc:31:9:31:11
@!!status:to be proved
@!!obl:ASSUME NEW CONSTANT x \in Nat,
       <1>1 ,
       <1>2 ,
       <1>3 
PROVE  Even(x + x)

@!!END

@!!BEGIN
@!!type:obligation
@!!id:4
@!!loc:31:12:31:16
@!!status:to be proved
@!!obl:ASSUME NEW CONSTANT x \in Nat
PROVE  <1>1

@!!END

@!!BEGIN
@!!type:obligation
@!!id:5
@!!loc:31:18:31:22
@!!status:to be proved
@!!obl:ASSUME NEW CONSTANT x \in Nat,
       <1>1 
PROVE  <1>2

@!!END

@!!BEGIN
@!!type:obligation
@!!id:6
@!!loc:31:24:31:28
@!!status:to be proved
@!!obl:ASSUME NEW CONSTANT x \in Nat,
       <1>1 ,
       <1>2 
PROVE  <1>3

@!!END

@!!BEGIN
@!!type:obligation
@!!id:7
@!!loc:15:1:15:20
@!!status:to be proved
@!!obl:ASSUME <1>a 
PROVE  \A x \in Nat : Even(x + x)

@!!END

@!!BEGIN
@!!type:obligation
@!!id:8
@!!loc:15:1:15:20
@!!status:to be proved
@!!obl:ASSUME <1>a 
PROVE  <1>a

@!!END

@!!BEGIN
@!!type:obligation
@!!id:9
@!!loc:16:39:16:41
@!!status:to be proved
@!!obl:ASSUME Even(x) == x % 2 = 0,
       Odd(x) == x % 2 = 1,
       NEW CONSTANT x \in Nat
PROVE  \A z \in Nat : Even(z) \/ Odd(z)

@!!END

@!!BEGIN
@!!type:obligation
@!!id:10
@!!loc:23:11:23:13
@!!status:to be proved
@!!obl:ASSUME Even(x) == x % 2 = 0,
       NEW CONSTANT x \in Nat,
       <1>2 ,
       <2>_a17 ,
       A == x % 2,
       <2>_a18 
PROVE  Even(x + x)

@!!END

@!!BEGIN
@!!type:obligation
@!!id:11
@!!loc:18:11:18:15
@!!status:to be proved
@!!obl:ASSUME NEW CONSTANT x \in Nat
PROVE  <1>2

@!!END

@!!BEGIN
@!!type:obligation
@!!id:12
@!!loc:19:42:19:44
@!!status:to be proved
@!!obl:ASSUME Even(x) == x % 2 = 0,
       Odd(x) == x % 2 = 1,
       NEW CONSTANT x \in Nat,
       <1>2 ,
       <1>1 
PROVE  ((x % 2) + (x % 2)) % 2 = (x + x) % 2

@!!END

@!!BEGIN
@!!type:obligation
@!!id:13
@!!loc:19:45:19:49
@!!status:to be proved
@!!obl:ASSUME Even(x) == x % 2 = 0,
       Odd(x) == x % 2 = 1,
       NEW CONSTANT x \in Nat,
       <1>2 
PROVE  <1>1

@!!END

@!!BEGIN
@!!type:obligation
@!!id:14
@!!loc:22:39:22:41
@!!status:to be proved
@!!obl:ASSUME Even(x) == x % 2 = 0,
       NEW CONSTANT x \in Nat,
       <1>2 ,
       <2>_a17 ,
       SMT 
PROVE  A = 0 => (A + A) % 2 = (0 + 0) % 2

@!!END

@!!BEGIN
@!!type:obligation
@!!id:15
@!!loc:22:42:22:45
@!!status:to be proved
@!!obl:ASSUME Even(x) == x % 2 = 0,
       NEW CONSTANT x \in Nat,
       <1>2 ,
       <2>_a17 
PROVE  SMT

@!!END

@!!BEGIN
@!!type:obligation
@!!id:16
@!!loc:30:11:30:13
@!!status:to be proved
@!!obl:ASSUME Even(x) == x % 2 = 0,
       Odd(x) == x % 2 = 1,
       NEW CONSTANT x \in Nat,
       <1>3 ,
       <2>_a19 ,
       A == x % 2,
       <2>_a20 
PROVE  Even(x + x)

@!!END

@!!BEGIN
@!!type:obligation
@!!id:17
@!!loc:25:11:25:15
@!!status:to be proved
@!!obl:ASSUME NEW CONSTANT x \in Nat
PROVE  <1>3

@!!END

@!!BEGIN
@!!type:obligation
@!!id:18
@!!loc:26:41:26:43
@!!status:to be proved
@!!obl:ASSUME Even(x) == x % 2 = 0,
       Odd(x) == x % 2 = 1,
       NEW CONSTANT x \in Nat,
       <1>3 ,
       <1>1 
PROVE  ((x % 2) + (x % 2)) % 2 = (x + x) % 2

@!!END

@!!BEGIN
@!!type:obligation
@!!id:19
@!!loc:26:44:26:48
@!!status:to be proved
@!!obl:ASSUME Even(x) == x % 2 = 0,
       Odd(x) == x % 2 = 1,
       NEW CONSTANT x \in Nat,
       <1>3 
PROVE  <1>1

@!!END

@!!BEGIN
@!!type:obligation
@!!id:20
@!!loc:29:39:29:41
@!!status:to be proved
@!!obl:ASSUME Even(x) == x % 2 = 0,
       NEW CONSTANT x \in Nat,
       <1>3 ,
       <2>_a19 ,
       SMT 
PROVE  A = 1 => (A + A) % 2 = (1 + 1) % 2

@!!END

@!!BEGIN
@!!type:obligation
@!!id:21
@!!loc:29:42:29:45
@!!status:to be proved
@!!obl:ASSUME Even(x) == x % 2 = 0,
       NEW CONSTANT x \in Nat,
       <1>3 ,
       <2>_a19 
PROVE  SMT

@!!END

@!!BEGIN
@!!type:obligationsnumber
@!!count:21
@!!END

@!!BEGIN
@!!type:obligation
@!!id:1
@!!loc:11:1:11:3
@!!status:normalized
@!!meth:time-limit: 5
@!!obl:ASSUME TRUE 
PROVE  \A x \in Nat : (x + x) % 2 = 0

@!!END

@!!BEGIN
@!!type:obligation
@!!id:2
@!!loc:11:4:11:6
@!!status:trivial
@!!prover:tlapm
@!!already:false
@!!obl:TRUE

@!!END

@!!BEGIN
@!!type:obligation
@!!id:3
@!!loc:31:9:31:11
@!!status:normalized
@!!meth:time-limit: 5
@!!obl:ASSUME NEW CONSTANT x \in Nat,
       \A z \in Nat : Even(z) \/ Odd(z) ,
       ASSUME Even(x) 
       PROVE  Even(x + x) ,
       ASSUME Odd(x) 
       PROVE  Even(x + x) 
PROVE  Even(x + x)

@!!END

@!!BEGIN
@!!type:obligation
@!!id:4
@!!loc:31:12:31:16
@!!status:trivial
@!!prover:tlapm
@!!already:false
@!!obl:ASSUME NEW CONSTANT x \in Nat,
       \A z \in Nat : Even(z) \/ Odd(z) 
PROVE  \A z \in Nat : Even(z) \/ Odd(z)

@!!END

@!!BEGIN
@!!type:obligation
@!!id:5
@!!loc:31:18:31:22
@!!status:trivial
@!!prover:tlapm
@!!already:false
@!!obl:ASSUME NEW CONSTANT x \in Nat,
       ASSUME Even(x) 
       PROVE  Even(x + x) ,
       \A z \in Nat : Even(z) \/ Odd(z) 
PROVE  ASSUME Even(x) 
       PROVE  Even(x + x)

@!!END

@!!BEGIN
@!!type:obligation
@!!id:6
@!!loc:31:24:31:28
@!!status:trivial
@!!prover:tlapm
@!!already:false
@!!obl:ASSUME NEW CONSTANT x \in Nat,
       ASSUME Odd(x) 
       PROVE  Even(x + x) ,
       \A z \in Nat : Even(z) \/ Odd(z) ,
       ASSUME Even(x) 
       PROVE  Even(x + x) 
PROVE  ASSUME Odd(x) 
       PROVE  Even(x + x)

@!!END

@!!BEGIN
@!!type:obligation
@!!id:7
@!!loc:15:1:15:20
@!!status:normalized
@!!meth:time-limit: 5
@!!obl:ASSUME ASSUME NEW CONSTANT x \in Nat
       PROVE  Even(x + x) 
PROVE  \A x \in Nat : Even(x + x)

@!!END

@!!BEGIN
@!!type:obligation
@!!id:8
@!!loc:15:1:15:20
@!!status:trivial
@!!prover:tlapm
@!!already:false
@!!obl:ASSUME ASSUME NEW CONSTANT x \in Nat
       PROVE  Even(x + x) 
PROVE  ASSUME NEW CONSTANT x \in Nat
       PROVE  Even(x + x)

@!!END

@!!BEGIN
@!!type:obligation
@!!id:9
@!!loc:16:39:16:41
@!!status:normalized
@!!meth:time-limit: 5
@!!obl:ASSUME NEW CONSTANT x \in Nat
PROVE  \A z \in Nat : z % 2 = 0 \/ z % 2 = 1

@!!END

@!!BEGIN
@!!type:obligation
@!!id:10
@!!loc:23:11:23:13
@!!status:normalized
@!!meth:time-limit: 5
@!!obl:ASSUME NEW CONSTANT x \in Nat,
       x % 2 = 0 ,
       ((x % 2) + (x % 2)) % 2 = (x + x) % 2 ,
       x % 2 = 0 => ((x % 2) + (x % 2)) % 2 = (0 + 0) % 2 
PROVE  (x + x) % 2 = 0

@!!END

@!!BEGIN
@!!type:obligation
@!!id:11
@!!loc:18:11:18:15
@!!status:trivial
@!!prover:tlapm
@!!already:false
@!!obl:ASSUME NEW CONSTANT x \in Nat,
       Even(x) 
PROVE  Even(x)

@!!END

@!!BEGIN
@!!type:obligation
@!!id:12
@!!loc:19:42:19:44
@!!status:normalized
@!!meth:time-limit: 5
@!!obl:ASSUME NEW CONSTANT x \in Nat,
       x % 2 = 0 ,
       \A z \in Nat : z % 2 = 0 \/ z % 2 = 1 
PROVE  ((x % 2) + (x % 2)) % 2 = (x + x) % 2

@!!END

@!!BEGIN
@!!type:obligation
@!!id:13
@!!loc:19:45:19:49
@!!status:trivial
@!!prover:tlapm
@!!already:false
@!!obl:ASSUME NEW CONSTANT x \in Nat,
       \A z \in Nat : z % 2 = 0 \/ z % 2 = 1 ,
       x % 2 = 0 
PROVE  \A z \in Nat : z % 2 = 0 \/ z % 2 = 1

@!!END

@!!BEGIN
@!!type:obligation
@!!id:14
@!!loc:22:39:22:41
@!!status:normalized
@!!meth:time-limit: 5
@!!obl:ASSUME NEW CONSTANT x \in Nat,
       x % 2 = 0 ,
       ((x % 2) + (x % 2)) % 2 = (x + x) % 2 ,
       TRUE 
PROVE  A = 0 => (A + A) % 2 = (0 + 0) % 2

@!!END

@!!BEGIN
@!!type:obligation
@!!id:15
@!!loc:22:42:22:45
@!!status:trivial
@!!prover:tlapm
@!!already:false
@!!obl:ASSUME NEW CONSTANT x \in Nat,
       x % 2 = 0 ,
       ((x % 2) + (x % 2)) % 2 = (x + x) % 2 
PROVE  TRUE

@!!END

@!!BEGIN
@!!type:obligation
@!!id:16
@!!loc:30:11:30:13
@!!status:normalized
@!!meth:time-limit: 5
@!!obl:ASSUME NEW CONSTANT x \in Nat,
       x % 2 = 1 ,
       ((x % 2) + (x % 2)) % 2 = (x + x) % 2 ,
       x % 2 = 1 => ((x % 2) + (x % 2)) % 2 = (1 + 1) % 2 
PROVE  (x + x) % 2 = 0

@!!END

@!!BEGIN
@!!type:obligation
@!!id:17
@!!loc:25:11:25:15
@!!status:trivial
@!!prover:tlapm
@!!already:false
@!!obl:ASSUME NEW CONSTANT x \in Nat,
       Odd(x) 
PROVE  Odd(x)

@!!END

@!!BEGIN
@!!type:obligation
@!!id:18
@!!loc:26:41:26:43
@!!status:normalized
@!!meth:time-limit: 5
@!!obl:ASSUME NEW CONSTANT x \in Nat,
       x % 2 = 1 ,
       \A z \in Nat : z % 2 = 0 \/ z % 2 = 1 
PROVE  ((x % 2) + (x % 2)) % 2 = (x + x) % 2

@!!END

@!!BEGIN
@!!type:obligation
@!!id:19
@!!loc:26:44:26:48
@!!status:trivial
@!!prover:tlapm
@!!already:false
@!!obl:ASSUME NEW CONSTANT x \in Nat,
       \A z \in Nat : z % 2 = 0 \/ z % 2 = 1 ,
       x % 2 = 1 
PROVE  \A z \in Nat : z % 2 = 0 \/ z % 2 = 1

@!!END

@!!BEGIN
@!!type:obligation
@!!id:20
@!!loc:29:39:29:41
@!!status:normalized
@!!meth:time-limit: 5
@!!obl:ASSUME NEW CONSTANT x \in Nat,
       Odd(x) ,
       ((x % 2) + (x % 2)) % 2 = (x + x) % 2 ,
       TRUE 
PROVE  A = 1 => (A + A) % 2 = (1 + 1) % 2

@!!END

@!!BEGIN
@!!type:obligation
@!!id:1
@!!loc:11:1:11:3
@!!status:proved
@!!prover:z3
@!!meth:time-limit: 5; time-used: 0.3 (5%)
@!!already:false
@!!obl:
ASSUME TRUE 
PROVE  \A x \in Nat : (x + x) % 2 = 0

@!!END

@!!BEGIN
@!!type:obligation
@!!id:21
@!!loc:29:42:29:45
@!!status:trivial
@!!prover:tlapm
@!!already:false
@!!obl:ASSUME NEW CONSTANT x \in Nat,
       Odd(x) ,
       ((x % 2) + (x % 2)) % 2 = (x + x) % 2 
PROVE  TRUE

@!!END

@!!BEGIN
@!!type:obligation
@!!id:7
@!!loc:15:1:15:20
@!!status:proved
@!!prover:smt
@!!meth:time-limit: 5; time-used: 0.0 (0%)
@!!already:false
@!!obl:
ASSUME ASSUME NEW CONSTANT x \in Nat
       PROVE  Even(x + x) 
PROVE  \A x \in Nat : Even(x + x)

@!!END

@!!BEGIN
@!!type:obligation
@!!id:3
@!!loc:31:9:31:11
@!!status:proved
@!!prover:smt
@!!meth:time-limit: 5; time-used: 0.0 (1%)
@!!already:false
@!!obl:
ASSUME NEW CONSTANT x \in Nat,
       \A z \in Nat : Even(z) \/ Odd(z) ,
       ASSUME Even(x) 
       PROVE  Even(x + x) ,
       ASSUME Odd(x) 
       PROVE  Even(x + x) 
PROVE  Even(x + x)

@!!END

@!!BEGIN
@!!type:obligation
@!!id:10
@!!loc:23:11:23:13
@!!status:proved
@!!prover:smt
@!!meth:time-limit: 5; time-used: 0.0 (1%)
@!!already:false
@!!obl:
ASSUME NEW CONSTANT x \in Nat,
       x % 2 = 0 ,
       ((x % 2) + (x % 2)) % 2 = (x + x) % 2 ,
       x % 2 = 0 => ((x % 2) + (x % 2)) % 2 = (0 + 0) % 2 
PROVE  (x + x) % 2 = 0

@!!END

@!!BEGIN
@!!type:obligation
@!!id:12
@!!loc:19:42:19:44
@!!status:proved
@!!prover:smt
@!!meth:time-limit: 5; time-used: 0.0 (1%)
@!!already:false
@!!obl:
ASSUME NEW CONSTANT x \in Nat,
       x % 2 = 0 ,
       \A z \in Nat : z % 2 = 0 \/ z % 2 = 1 
PROVE  ((x % 2) + (x % 2)) % 2 = (x + x) % 2

@!!END

@!!BEGIN
@!!type:obligation
@!!id:9
@!!loc:16:39:16:41
@!!status:proved
@!!prover:smt
@!!meth:time-limit: 5; time-used: 0.0 (1%)
@!!already:false
@!!obl:
ASSUME NEW CONSTANT x \in Nat
PROVE  \A z \in Nat : z % 2 = 0 \/ z % 2 = 1

@!!END

@!!BEGIN
@!!type:obligation
@!!id:14
@!!loc:22:39:22:41
@!!status:proved
@!!prover:smt
@!!meth:time-limit: 5; time-used: 0.0 (1%)
@!!already:false
@!!obl:
ASSUME NEW CONSTANT x \in Nat,
       x % 2 = 0 ,
       ((x % 2) + (x % 2)) % 2 = (x + x) % 2 ,
       TRUE 
PROVE  A = 0 => (A + A) % 2 = (0 + 0) % 2

@!!END

@!!BEGIN
@!!type:obligation
@!!id:20
@!!loc:29:39:29:41
@!!status:proved
@!!prover:smt
@!!meth:time-limit: 5; time-used: 0.0 (1%)
@!!already:false
@!!obl:
ASSUME NEW CONSTANT x \in Nat,
       Odd(x) ,
       ((x % 2) + (x % 2)) % 2 = (x + x) % 2 ,
       TRUE 
PROVE  A = 1 => (A + A) % 2 = (1 + 1) % 2

@!!END

@!!BEGIN
@!!type:obligation
@!!id:16
@!!loc:30:11:30:13
@!!status:proved
@!!prover:smt
@!!meth:time-limit: 5; time-used: 0.0 (1%)
@!!already:false
@!!obl:
ASSUME NEW CONSTANT x \in Nat,
       x % 2 = 1 ,
       ((x % 2) + (x % 2)) % 2 = (x + x) % 2 ,
       x % 2 = 1 => ((x % 2) + (x % 2)) % 2 = (1 + 1) % 2 
PROVE  (x + x) % 2 = 0

@!!END

@!!BEGIN
@!!type:obligation
@!!id:18
@!!loc:26:41:26:43
@!!status:proved
@!!prover:smt
@!!meth:time-limit: 5; time-used: 0.0 (1%)
@!!already:false
@!!obl:
ASSUME NEW CONSTANT x \in Nat,
       x % 2 = 1 ,
       \A z \in Nat : z % 2 = 0 \/ z % 2 = 1 
PROVE  ((x % 2) + (x % 2)) % 2 = (x + x) % 2

@!!END

(* created new ".tlacache/sums_even.tlaps/sums_even.thy" *)
(* fingerprints written in ".tlacache/sums_even.tlaps/fingerprints" *)
File "./sums_even.tla", line 1, character 1 to line 34, character 77:
[INFO]: All 21 obligations proved.
