{"event": "identity", "grammar_sha256": "2bcc86946f0a858628f455a3d0648c7117e2b780743e1f25dff82cebd0fb4d67", "cases_sha256": "efda96657dfc9aafcc5a6992e711cc213bfcf8e666795910d5042f8b3dbc1354", "source_sha256": "e96c226f3bb097c2602531a008c4cc95a68acd382d860cdf077762e4c3a9c07d", "xgrammar_version": "0.2.2", "tokenizer_sha256": "79e3e522635f3171300913bb421464a87de6222182a0570b9b2ccba2a964b2b4", "compile_seconds": 1.8769694740185514, "changed_region": true, "common_prefix_tokens": {"47": 226, "107": 65}, "scope": "Four reference-prefix CPU diagnostics, no model weights or CUDA operations"}
{"event": "case_skipped_identical_reference", "row": 47, "format": "original", "text_sha256": "36c548d2a475c0d086ddf0340f927b36002699ce86e955d702e061324ad2f07c", "common_prefix_tokens": 226}
{"event": "case_skipped_identical_reference", "row": 47, "format": "grouped", "text_sha256": "36c548d2a475c0d086ddf0340f927b36002699ce86e955d702e061324ad2f07c", "common_prefix_tokens": 226}
{"event": "prefix", "row": 107, "format": "original", "tokens": 66, "seconds": 2.674732201034203}
{"event": "prefix", "row": 107, "format": "original", "tokens": 67, "seconds": 0.3564601020189002}
{"event": "prefix", "row": 107, "format": "original", "tokens": 68, "seconds": 3.570895747980103}
{"event": "prefix", "row": 107, "format": "original", "tokens": 69, "seconds": 0.39747085608541965}
{"event": "prefix", "row": 107, "format": "original", "tokens": 70, "seconds": 0.3503566200379282}
{"event": "prefix", "row": 107, "format": "original", "tokens": 71, "seconds": 0.35011994803790003}
{"event": "prefix", "row": 107, "format": "original", "tokens": 72, "seconds": 3.3863651630235836}
{"event": "prefix", "row": 107, "format": "original", "tokens": 73, "seconds": 0.37011995702050626}
{"event": "prefix", "row": 107, "format": "original", "tokens": 74, "seconds": 3.073307389044203}
{"event": "prefix", "row": 107, "format": "original", "tokens": 75, "seconds": 0.5297994500724599}
{"event": "prefix", "row": 107, "format": "original", "tokens": 76, "seconds": 0.09176409197971225}
{"event": "prefix", "row": 107, "format": "original", "tokens": 77, "seconds": 0.381647442933172}
{"event": "prefix", "row": 107, "format": "original", "tokens": 78, "seconds": 0.4081713679479435}
{"event": "prefix", "row": 107, "format": "original", "tokens": 79, "seconds": 0.09555279393680394}
{"event": "prefix", "row": 107, "format": "original", "tokens": 80, "seconds": 0.564046660088934}
{"event": "prefix", "row": 107, "format": "original", "tokens": 81, "seconds": 0.5125534510007128}
{"event": "prefix", "row": 107, "format": "original", "tokens": 82, "seconds": 0.0037331869825720787}
{"event": "prefix", "row": 107, "format": "original", "tokens": 83, "seconds": 0.0035304889315739274}
{"event": "prefix", "row": 107, "format": "original", "tokens": 84, "seconds": 0.3608556769322604}
{"event": "prefix", "row": 107, "format": "original", "tokens": 85, "seconds": 0.3578301789239049}
{"event": "prefix", "row": 107, "format": "original", "tokens": 86, "seconds": 3.0685843529645354}
{"event": "prefix", "row": 107, "format": "original", "tokens": 87, "seconds": 0.3830823010066524}
{"event": "prefix", "row": 107, "format": "original", "tokens": 88, "seconds": 3.227589968009852}
{"event": "prefix", "row": 107, "format": "original", "tokens": 89, "seconds": 0.5248198359040543}
{"event": "prefix", "row": 107, "format": "original", "tokens": 90, "seconds": 0.09274233796168119}
{"event": "prefix", "row": 107, "format": "original", "tokens": 91, "seconds": 0.3860837829997763}
{"event": "prefix", "row": 107, "format": "original", "tokens": 92, "seconds": 0.4057921179337427}
{"event": "prefix", "row": 107, "format": "original", "tokens": 93, "seconds": 0.09950001095421612}
{"event": "prefix", "row": 107, "format": "original", "tokens": 94, "seconds": 0.5671199960634112}
{"event": "prefix", "row": 107, "format": "original", "tokens": 95, "seconds": 0.5105156180216}
{"event": "prefix", "row": 107, "format": "original", "tokens": 96, "seconds": 0.10465308802668005}
{"event": "prefix", "row": 107, "format": "original", "tokens": 97, "seconds": 0.3711834520800039}
{"event": "case_complete", "row": 107, "format": "original", "text_sha256": "5f6b169dc010369d4e6f65b7766b7961e44a4df15790988c5763861a06e3e853", "full_reference_tokens": 605, "planned_prefix_tokens": 32, "primed_prefix_tokens": 65, "priming_mask_cost_measured": false, "measured_prefix_tokens": 32, "all_planned_prefixes_measured": true, "token_rejected": false, "elapsed_seconds": 27.583542556967586, "median_step_seconds": 0.38458304200321436, "max_step_seconds": 3.570895747980103, "bound": "30s per case checked between tokens; outer180s hard timeout", "full_module_decode_claim": false, "model_improvement_claim": false}
{"event": "prefix", "row": 107, "format": "grouped", "tokens": 66, "seconds": 0.409004403045401}
{"event": "prefix", "row": 107, "format": "grouped", "tokens": 67, "seconds": 0.4127121230121702}
{"event": "prefix", "row": 107, "format": "grouped", "tokens": 68, "seconds": 0.09144265204668045}
{"event": "prefix", "row": 107, "format": "grouped", "tokens": 69, "seconds": 0.4379652270581573}
{"event": "prefix", "row": 107, "format": "grouped", "tokens": 70, "seconds": 0.09532706195022911}
{"event": "prefix", "row": 107, "format": "grouped", "tokens": 71, "seconds": 0.09157976903952658}
{"event": "prefix", "row": 107, "format": "grouped", "tokens": 72, "seconds": 0.09098680096212775}
{"event": "prefix", "row": 107, "format": "grouped", "tokens": 73, "seconds": 0.33777127997018397}
{"event": "prefix", "row": 107, "format": "grouped", "tokens": 74, "seconds": 0.34566926199477166}
{"event": "prefix", "row": 107, "format": "grouped", "tokens": 75, "seconds": 0.45446069398894906}
{"event": "prefix", "row": 107, "format": "grouped", "tokens": 76, "seconds": 0.09314244496636093}
{"event": "prefix", "row": 107, "format": "grouped", "tokens": 77, "seconds": 0.4899711119942367}
{"event": "prefix", "row": 107, "format": "grouped", "tokens": 78, "seconds": 0.5472205160185695}
{"event": "prefix", "row": 107, "format": "grouped", "tokens": 79, "seconds": 0.09623401402495801}
{"event": "prefix", "row": 107, "format": "grouped", "tokens": 80, "seconds": 0.3945645010098815}
{"event": "prefix", "row": 107, "format": "grouped", "tokens": 81, "seconds": 0.4163745290134102}
{"event": "prefix", "row": 107, "format": "grouped", "tokens": 82, "seconds": 0.09973304497543722}
{"event": "prefix", "row": 107, "format": "grouped", "tokens": 83, "seconds": 0.5600121601019055}
{"event": "prefix", "row": 107, "format": "grouped", "tokens": 84, "seconds": 0.5204237010329962}
{"event": "prefix", "row": 107, "format": "grouped", "tokens": 85, "seconds": 0.004882002016529441}
{"event": "prefix", "row": 107, "format": "grouped", "tokens": 86, "seconds": 0.0034410429652780294}
{"event": "prefix", "row": 107, "format": "grouped", "tokens": 87, "seconds": 0.0967989299679175}
{"event": "prefix", "row": 107, "format": "grouped", "tokens": 88, "seconds": 0.09661263192538172}
{"event": "prefix", "row": 107, "format": "grouped", "tokens": 89, "seconds": 0.39064240199513733}
{"event": "prefix", "row": 107, "format": "grouped", "tokens": 90, "seconds": 0.39280040899757296}
{"event": "prefix", "row": 107, "format": "grouped", "tokens": 91, "seconds": 0.4478608159115538}
{"event": "prefix", "row": 107, "format": "grouped", "tokens": 92, "seconds": 0.09202947793528438}
{"event": "prefix", "row": 107, "format": "grouped", "tokens": 93, "seconds": 0.4785216129384935}
{"event": "prefix", "row": 107, "format": "grouped", "tokens": 94, "seconds": 0.5295979229267687}
{"event": "prefix", "row": 107, "format": "grouped", "tokens": 95, "seconds": 0.09286408498883247}
{"event": "prefix", "row": 107, "format": "grouped", "tokens": 96, "seconds": 0.39257847401313484}
{"event": "prefix", "row": 107, "format": "grouped", "tokens": 97, "seconds": 0.4166995759587735}
{"event": "case_complete", "row": 107, "format": "grouped", "text_sha256": "4ed6e849af37ac7083fa7aaf33344f226eba1955a504f3a1d4bfba93d4a0437f", "full_reference_tokens": 673, "planned_prefix_tokens": 32, "primed_prefix_tokens": 65, "priming_mask_cost_measured": false, "measured_prefix_tokens": 32, "all_planned_prefixes_measured": true, "token_rejected": false, "elapsed_seconds": 9.421953795012087, "median_step_seconds": 0.3916104380041361, "max_step_seconds": 0.5600121601019055, "bound": "30s per case checked between tokens; outer180s hard timeout", "full_module_decode_claim": false, "model_improvement_claim": false}
{"event": "complete", "cases": 4, "model_weights_loaded": false}
