{"event": "identity", "grammar_sha256": "2bcc86946f0a858628f455a3d0648c7117e2b780743e1f25dff82cebd0fb4d67", "cases_sha256": "efda96657dfc9aafcc5a6992e711cc213bfcf8e666795910d5042f8b3dbc1354", "source_sha256": "e2d6564ebaee9437da631508ff9b3452181f0e87d1626ce06911fbc6322af6d3", "xgrammar_version": "0.2.2", "tokenizer_sha256": "79e3e522635f3171300913bb421464a87de6222182a0570b9b2ccba2a964b2b4", "compile_seconds": 1.8278377449605614, "scope": "Four reference-prefix CPU diagnostics, no model weights or CUDA operations"}
{"event": "prefix", "row": 47, "format": "original", "tokens": 1, "seconds": 0.006460077012889087}
{"event": "prefix", "row": 47, "format": "original", "tokens": 2, "seconds": 0.05031353002414107}
{"event": "prefix", "row": 47, "format": "original", "tokens": 3, "seconds": 0.05015397211536765}
{"event": "prefix", "row": 47, "format": "original", "tokens": 4, "seconds": 0.04818641999736428}
{"event": "prefix", "row": 47, "format": "original", "tokens": 5, "seconds": 0.04690905602183193}
{"event": "prefix", "row": 47, "format": "original", "tokens": 6, "seconds": 0.05112317006569356}
{"event": "prefix", "row": 47, "format": "original", "tokens": 7, "seconds": 0.04684490605723113}
{"event": "prefix", "row": 47, "format": "original", "tokens": 8, "seconds": 0.04792212601751089}
{"event": "prefix", "row": 47, "format": "original", "tokens": 9, "seconds": 0.046989426016807556}
{"event": "prefix", "row": 47, "format": "original", "tokens": 10, "seconds": 0.048154459916986525}
{"event": "prefix", "row": 47, "format": "original", "tokens": 11, "seconds": 0.04749189398717135}
{"event": "prefix", "row": 47, "format": "original", "tokens": 12, "seconds": 0.04823001101613045}
{"event": "prefix", "row": 47, "format": "original", "tokens": 13, "seconds": 0.1813561130547896}
{"event": "prefix", "row": 47, "format": "original", "tokens": 14, "seconds": 0.17769869801122695}
{"event": "prefix", "row": 47, "format": "original", "tokens": 15, "seconds": 0.007078550988808274}
{"event": "prefix", "row": 47, "format": "original", "tokens": 16, "seconds": 0.007039878983050585}
{"event": "prefix", "row": 47, "format": "original", "tokens": 17, "seconds": 1.5915906090522185}
{"event": "prefix", "row": 47, "format": "original", "tokens": 18, "seconds": 0.19695230096112937}
{"event": "prefix", "row": 47, "format": "original", "tokens": 19, "seconds": 0.20452457200735807}
{"event": "prefix", "row": 47, "format": "original", "tokens": 20, "seconds": 0.20023919502273202}
{"event": "prefix", "row": 47, "format": "original", "tokens": 21, "seconds": 0.007479659980162978}
{"event": "prefix", "row": 47, "format": "original", "tokens": 22, "seconds": 1.8921187620144337}
{"event": "prefix", "row": 47, "format": "original", "tokens": 23, "seconds": 0.21423189900815487}
{"event": "prefix", "row": 47, "format": "original", "tokens": 24, "seconds": 0.22231135703623295}
{"event": "prefix", "row": 47, "format": "original", "tokens": 25, "seconds": 1.630892427987419}
{"event": "prefix", "row": 47, "format": "original", "tokens": 26, "seconds": 0.19233366998378187}
{"event": "prefix", "row": 47, "format": "original", "tokens": 27, "seconds": 0.18379850196652114}
{"event": "prefix", "row": 47, "format": "original", "tokens": 28, "seconds": 0.007124506984837353}
{"event": "prefix", "row": 47, "format": "original", "tokens": 29, "seconds": 1.5663684470346197}
{"event": "prefix", "row": 47, "format": "original", "tokens": 30, "seconds": 1.7729998109862208}
{"event": "prefix", "row": 47, "format": "original", "tokens": 31, "seconds": 0.19908155407756567}
{"event": "prefix", "row": 47, "format": "original", "tokens": 32, "seconds": 1.5892056480515748}
{"event": "prefix", "row": 47, "format": "original", "tokens": 33, "seconds": 0.20115713705308735}
{"event": "prefix", "row": 47, "format": "original", "tokens": 34, "seconds": 0.19149923301301897}
{"event": "prefix", "row": 47, "format": "original", "tokens": 35, "seconds": 0.007269596098922193}
{"event": "prefix", "row": 47, "format": "original", "tokens": 36, "seconds": 2.224558320012875}
{"event": "prefix", "row": 47, "format": "original", "tokens": 37, "seconds": 2.341404899954796}
{"event": "prefix", "row": 47, "format": "original", "tokens": 38, "seconds": 0.349498697090894}
{"event": "prefix", "row": 47, "format": "original", "tokens": 39, "seconds": 0.460224351962097}
{"event": "prefix", "row": 47, "format": "original", "tokens": 40, "seconds": 0.08810368599370122}
{"event": "prefix", "row": 47, "format": "original", "tokens": 41, "seconds": 0.34244893898721784}
{"event": "prefix", "row": 47, "format": "original", "tokens": 42, "seconds": 0.00732846709433943}
{"event": "prefix", "row": 47, "format": "original", "tokens": 43, "seconds": 2.2267207260010764}
{"event": "prefix", "row": 47, "format": "original", "tokens": 44, "seconds": 0.3411824650829658}
{"event": "prefix", "row": 47, "format": "original", "tokens": 45, "seconds": 2.351129519054666}
{"event": "prefix", "row": 47, "format": "original", "tokens": 46, "seconds": 2.414567532017827}
{"event": "prefix", "row": 47, "format": "original", "tokens": 47, "seconds": 0.34297428908757865}
{"event": "prefix", "row": 47, "format": "original", "tokens": 48, "seconds": 2.6532802489819005}
{"event": "prefix", "row": 47, "format": "original", "tokens": 49, "seconds": 0.6211682599969208}
{"event": "prefix", "row": 47, "format": "original", "tokens": 50, "seconds": 3.0060739340260625}
{"event": "case_complete", "row": 47, "format": "original", "text_sha256": "36c548d2a475c0d086ddf0340f927b36002699ce86e955d702e061324ad2f07c", "full_reference_tokens": 226, "planned_prefix_tokens": 128, "measured_prefix_tokens": 50, "all_planned_prefixes_measured": false, "token_rejected": false, "elapsed_seconds": 32.75742319994606, "median_step_seconds": 0.19801692751934752, "max_step_seconds": 3.0060739340260625, "bound": "30s per case checked between tokens; outer180s hard timeout", "full_module_decode_claim": false, "model_improvement_claim": false}
{"event": "prefix", "row": 47, "format": "grouped", "tokens": 1, "seconds": 0.0015099180163815618}
{"event": "prefix", "row": 47, "format": "grouped", "tokens": 2, "seconds": 0.06260021100752056}
{"event": "prefix", "row": 47, "format": "grouped", "tokens": 3, "seconds": 0.06549070496112108}
{"event": "prefix", "row": 47, "format": "grouped", "tokens": 4, "seconds": 0.06263133801985532}
{"event": "prefix", "row": 47, "format": "grouped", "tokens": 5, "seconds": 0.062282508006319404}
{"event": "prefix", "row": 47, "format": "grouped", "tokens": 6, "seconds": 0.06417968799360096}
{"event": "prefix", "row": 47, "format": "grouped", "tokens": 7, "seconds": 0.08048966701608151}
{"event": "prefix", "row": 47, "format": "grouped", "tokens": 8, "seconds": 0.08041536901146173}
{"event": "prefix", "row": 47, "format": "grouped", "tokens": 9, "seconds": 0.07928294490557164}
{"event": "prefix", "row": 47, "format": "grouped", "tokens": 10, "seconds": 0.08020825195126235}
{"event": "prefix", "row": 47, "format": "grouped", "tokens": 11, "seconds": 0.08031603193376213}
{"event": "prefix", "row": 47, "format": "grouped", "tokens": 12, "seconds": 0.08134731801692396}
{"event": "prefix", "row": 47, "format": "grouped", "tokens": 13, "seconds": 0.30344878300093114}
{"event": "prefix", "row": 47, "format": "grouped", "tokens": 14, "seconds": 0.2997128600254655}
{"event": "prefix", "row": 47, "format": "grouped", "tokens": 15, "seconds": 0.011826090980321169}
{"event": "prefix", "row": 47, "format": "grouped", "tokens": 16, "seconds": 0.01169735996518284}
{"event": "prefix", "row": 47, "format": "grouped", "tokens": 17, "seconds": 2.635784197016619}
{"event": "prefix", "row": 47, "format": "grouped", "tokens": 18, "seconds": 0.22013845201581717}
{"event": "prefix", "row": 47, "format": "grouped", "tokens": 19, "seconds": 0.20729880896396935}
{"event": "prefix", "row": 47, "format": "grouped", "tokens": 20, "seconds": 0.20454561104997993}
{"event": "prefix", "row": 47, "format": "grouped", "tokens": 21, "seconds": 0.007425067946314812}
{"event": "prefix", "row": 47, "format": "grouped", "tokens": 22, "seconds": 1.8749922279966995}
{"event": "prefix", "row": 47, "format": "grouped", "tokens": 23, "seconds": 0.21257564797997475}
{"event": "prefix", "row": 47, "format": "grouped", "tokens": 24, "seconds": 0.2210503239184618}
{"event": "prefix", "row": 47, "format": "grouped", "tokens": 25, "seconds": 1.6361774610122666}
{"event": "prefix", "row": 47, "format": "grouped", "tokens": 26, "seconds": 0.20161380001809448}
{"event": "prefix", "row": 47, "format": "grouped", "tokens": 27, "seconds": 0.199462034041062}
{"event": "prefix", "row": 47, "format": "grouped", "tokens": 28, "seconds": 0.00905091199092567}
{"event": "prefix", "row": 47, "format": "grouped", "tokens": 29, "seconds": 1.6207753870403394}
{"event": "prefix", "row": 47, "format": "grouped", "tokens": 30, "seconds": 1.7845756759634241}
{"event": "prefix", "row": 47, "format": "grouped", "tokens": 31, "seconds": 0.1986058270558715}
{"event": "prefix", "row": 47, "format": "grouped", "tokens": 32, "seconds": 1.5970460020471364}
{"event": "prefix", "row": 47, "format": "grouped", "tokens": 33, "seconds": 0.1974164069397375}
{"event": "prefix", "row": 47, "format": "grouped", "tokens": 34, "seconds": 0.18919295899104327}
{"event": "prefix", "row": 47, "format": "grouped", "tokens": 35, "seconds": 0.007170863915234804}
{"event": "prefix", "row": 47, "format": "grouped", "tokens": 36, "seconds": 2.2241548360325396}
{"event": "prefix", "row": 47, "format": "grouped", "tokens": 37, "seconds": 2.340490834088996}
{"event": "prefix", "row": 47, "format": "grouped", "tokens": 38, "seconds": 0.3513079700060189}
{"event": "prefix", "row": 47, "format": "grouped", "tokens": 39, "seconds": 0.46071429597213864}
{"event": "prefix", "row": 47, "format": "grouped", "tokens": 40, "seconds": 0.0915091319475323}
{"event": "prefix", "row": 47, "format": "grouped", "tokens": 41, "seconds": 0.3464493319625035}
{"event": "prefix", "row": 47, "format": "grouped", "tokens": 42, "seconds": 0.008358369930647314}
{"event": "prefix", "row": 47, "format": "grouped", "tokens": 43, "seconds": 2.2484780120430514}
{"event": "prefix", "row": 47, "format": "grouped", "tokens": 44, "seconds": 0.5194900250062346}
{"event": "prefix", "row": 47, "format": "grouped", "tokens": 45, "seconds": 3.0154776480048895}
{"event": "prefix", "row": 47, "format": "grouped", "tokens": 46, "seconds": 3.5077729660551995}
{"event": "prefix", "row": 47, "format": "grouped", "tokens": 47, "seconds": 0.44944735697936267}
{"event": "case_complete", "row": 47, "format": "grouped", "text_sha256": "36c548d2a475c0d086ddf0340f927b36002699ce86e955d702e061324ad2f07c", "full_reference_tokens": 226, "planned_prefix_tokens": 128, "measured_prefix_tokens": 47, "all_planned_prefixes_measured": false, "token_rejected": false, "elapsed_seconds": 30.219647499965504, "median_step_seconds": 0.20161380001809448, "max_step_seconds": 3.5077729660551995, "bound": "30s per case checked between tokens; outer180s hard timeout", "full_module_decode_claim": false, "model_improvement_claim": false}
{"event": "prefix", "row": 107, "format": "original", "tokens": 1, "seconds": 0.0007749469950795174}
{"event": "prefix", "row": 107, "format": "original", "tokens": 2, "seconds": 0.06419397203717381}
{"event": "prefix", "row": 107, "format": "original", "tokens": 3, "seconds": 0.060893281013704836}
{"event": "prefix", "row": 107, "format": "original", "tokens": 4, "seconds": 0.06179348099976778}
{"event": "prefix", "row": 107, "format": "original", "tokens": 5, "seconds": 0.0604130350984633}
{"event": "prefix", "row": 107, "format": "original", "tokens": 6, "seconds": 0.06474216503556818}
{"event": "prefix", "row": 107, "format": "original", "tokens": 7, "seconds": 0.06288798397872597}
{"event": "prefix", "row": 107, "format": "original", "tokens": 8, "seconds": 0.06153037992771715}
{"event": "prefix", "row": 107, "format": "original", "tokens": 9, "seconds": 0.11469059891533107}
{"event": "prefix", "row": 107, "format": "original", "tokens": 10, "seconds": 0.06615328893531114}
{"event": "prefix", "row": 107, "format": "original", "tokens": 11, "seconds": 0.06670969596598297}
{"event": "prefix", "row": 107, "format": "original", "tokens": 12, "seconds": 0.0609824979910627}
{"event": "prefix", "row": 107, "format": "original", "tokens": 13, "seconds": 0.22984810802154243}
{"event": "prefix", "row": 107, "format": "original", "tokens": 14, "seconds": 0.24719203903805465}
{"event": "prefix", "row": 107, "format": "original", "tokens": 15, "seconds": 0.012276462046429515}
{"event": "prefix", "row": 107, "format": "original", "tokens": 16, "seconds": 0.007113947998732328}
{"event": "prefix", "row": 107, "format": "original", "tokens": 17, "seconds": 2.399021707009524}
{"event": "prefix", "row": 107, "format": "original", "tokens": 18, "seconds": 0.19770270108710974}
{"event": "prefix", "row": 107, "format": "original", "tokens": 19, "seconds": 0.20282159594353288}
{"event": "prefix", "row": 107, "format": "original", "tokens": 20, "seconds": 0.19854450202547014}
{"event": "prefix", "row": 107, "format": "original", "tokens": 21, "seconds": 0.007344807963818312}
{"event": "prefix", "row": 107, "format": "original", "tokens": 22, "seconds": 0.008741035009734333}
{"event": "prefix", "row": 107, "format": "original", "tokens": 23, "seconds": 2.2619080379372463}
{"event": "prefix", "row": 107, "format": "original", "tokens": 24, "seconds": 0.002930168993771076}
{"event": "prefix", "row": 107, "format": "original", "tokens": 25, "seconds": 0.00281045597512275}
{"event": "prefix", "row": 107, "format": "original", "tokens": 26, "seconds": 0.0027741179801523685}
{"event": "prefix", "row": 107, "format": "original", "tokens": 27, "seconds": 0.4496115630026907}
{"event": "prefix", "row": 107, "format": "original", "tokens": 28, "seconds": 0.002840812085196376}
{"event": "prefix", "row": 107, "format": "original", "tokens": 29, "seconds": 0.0027559229638427496}
{"event": "prefix", "row": 107, "format": "original", "tokens": 30, "seconds": 0.0027715431060642004}
{"event": "prefix", "row": 107, "format": "original", "tokens": 31, "seconds": 0.44177943596150726}
{"event": "prefix", "row": 107, "format": "original", "tokens": 32, "seconds": 0.0028185800183564425}
{"event": "prefix", "row": 107, "format": "original", "tokens": 33, "seconds": 0.002746085054241121}
{"event": "prefix", "row": 107, "format": "original", "tokens": 34, "seconds": 0.002736467053182423}
{"event": "prefix", "row": 107, "format": "original", "tokens": 35, "seconds": 0.33454115700442344}
{"event": "prefix", "row": 107, "format": "original", "tokens": 36, "seconds": 0.007196641992777586}
{"event": "prefix", "row": 107, "format": "original", "tokens": 37, "seconds": 2.239808691898361}
{"event": "prefix", "row": 107, "format": "original", "tokens": 38, "seconds": 0.005792260984890163}
{"event": "prefix", "row": 107, "format": "original", "tokens": 39, "seconds": 0.0056783679174259305}
{"event": "prefix", "row": 107, "format": "original", "tokens": 40, "seconds": 0.33757825498469174}
{"event": "prefix", "row": 107, "format": "original", "tokens": 41, "seconds": 0.007195350015535951}
{"event": "prefix", "row": 107, "format": "original", "tokens": 42, "seconds": 1.5983165031066164}
{"event": "prefix", "row": 107, "format": "original", "tokens": 43, "seconds": 1.7981556529412046}
{"event": "prefix", "row": 107, "format": "original", "tokens": 44, "seconds": 0.19816443393938243}
{"event": "prefix", "row": 107, "format": "original", "tokens": 45, "seconds": 1.5900612350087613}
{"event": "prefix", "row": 107, "format": "original", "tokens": 46, "seconds": 0.20411141298245639}
{"event": "prefix", "row": 107, "format": "original", "tokens": 47, "seconds": 1.8121581260347739}
{"event": "prefix", "row": 107, "format": "original", "tokens": 48, "seconds": 0.33300122199580073}
{"event": "prefix", "row": 107, "format": "original", "tokens": 49, "seconds": 1.9834149000234902}
{"event": "prefix", "row": 107, "format": "original", "tokens": 50, "seconds": 0.20089343597646803}
{"event": "prefix", "row": 107, "format": "original", "tokens": 51, "seconds": 0.19813751301262528}
{"event": "prefix", "row": 107, "format": "original", "tokens": 52, "seconds": 0.007107985904440284}
{"event": "prefix", "row": 107, "format": "original", "tokens": 53, "seconds": 2.216147631057538}
{"event": "prefix", "row": 107, "format": "original", "tokens": 54, "seconds": 2.311757917981595}
{"event": "prefix", "row": 107, "format": "original", "tokens": 55, "seconds": 0.3547710340935737}
{"event": "prefix", "row": 107, "format": "original", "tokens": 56, "seconds": 0.4548719710437581}
{"event": "prefix", "row": 107, "format": "original", "tokens": 57, "seconds": 0.09232618799433112}
{"event": "prefix", "row": 107, "format": "original", "tokens": 58, "seconds": 0.6908471040660515}
{"event": "prefix", "row": 107, "format": "original", "tokens": 59, "seconds": 0.15154264902230352}
{"event": "prefix", "row": 107, "format": "original", "tokens": 60, "seconds": 0.7523902180837467}
{"event": "prefix", "row": 107, "format": "original", "tokens": 61, "seconds": 0.1440726569853723}
{"event": "prefix", "row": 107, "format": "original", "tokens": 62, "seconds": 0.4615364499622956}
{"event": "prefix", "row": 107, "format": "original", "tokens": 63, "seconds": 0.008108333917334676}
{"event": "prefix", "row": 107, "format": "original", "tokens": 64, "seconds": 2.2249346720054746}
{"event": "case_complete", "row": 107, "format": "original", "text_sha256": "5f6b169dc010369d4e6f65b7766b7961e44a4df15790988c5763861a06e3e853", "full_reference_tokens": 605, "planned_prefix_tokens": 128, "measured_prefix_tokens": 64, "all_planned_prefixes_measured": false, "token_rejected": false, "elapsed_seconds": 30.164159242995083, "median_step_seconds": 0.12938162795035169, "max_step_seconds": 2.399021707009524, "bound": "30s per case checked between tokens; outer180s hard timeout", "full_module_decode_claim": false, "model_improvement_claim": false}
{"event": "prefix", "row": 107, "format": "grouped", "tokens": 1, "seconds": 0.0006452639354392886}
{"event": "prefix", "row": 107, "format": "grouped", "tokens": 2, "seconds": 0.04920062702149153}
{"event": "prefix", "row": 107, "format": "grouped", "tokens": 3, "seconds": 0.048928400967270136}
{"event": "prefix", "row": 107, "format": "grouped", "tokens": 4, "seconds": 0.04732189001515508}
{"event": "prefix", "row": 107, "format": "grouped", "tokens": 5, "seconds": 0.04829298402182758}
{"event": "prefix", "row": 107, "format": "grouped", "tokens": 6, "seconds": 0.04743370006326586}
{"event": "prefix", "row": 107, "format": "grouped", "tokens": 7, "seconds": 0.048798606963828206}
{"event": "prefix", "row": 107, "format": "grouped", "tokens": 8, "seconds": 0.0480162079911679}
{"event": "prefix", "row": 107, "format": "grouped", "tokens": 9, "seconds": 0.04872697393875569}
{"event": "prefix", "row": 107, "format": "grouped", "tokens": 10, "seconds": 0.04859880497679114}
{"event": "prefix", "row": 107, "format": "grouped", "tokens": 11, "seconds": 0.04758553300052881}
{"event": "prefix", "row": 107, "format": "grouped", "tokens": 12, "seconds": 0.04957232193555683}
{"event": "prefix", "row": 107, "format": "grouped", "tokens": 13, "seconds": 0.18108182004652917}
{"event": "prefix", "row": 107, "format": "grouped", "tokens": 14, "seconds": 0.2318943371064961}
{"event": "prefix", "row": 107, "format": "grouped", "tokens": 15, "seconds": 0.0221978600602597}
{"event": "prefix", "row": 107, "format": "grouped", "tokens": 16, "seconds": 0.008859797031618655}
{"event": "prefix", "row": 107, "format": "grouped", "tokens": 17, "seconds": 2.115560545003973}
{"event": "prefix", "row": 107, "format": "grouped", "tokens": 18, "seconds": 0.19540626602247357}
{"event": "prefix", "row": 107, "format": "grouped", "tokens": 19, "seconds": 0.20432129397522658}
{"event": "prefix", "row": 107, "format": "grouped", "tokens": 20, "seconds": 0.22583666106220335}
{"event": "prefix", "row": 107, "format": "grouped", "tokens": 21, "seconds": 0.013492382946424186}
{"event": "prefix", "row": 107, "format": "grouped", "tokens": 22, "seconds": 0.009029423003084958}
{"event": "prefix", "row": 107, "format": "grouped", "tokens": 23, "seconds": 3.2734879970084876}
{"event": "prefix", "row": 107, "format": "grouped", "tokens": 24, "seconds": 0.019712963025085628}
{"event": "prefix", "row": 107, "format": "grouped", "tokens": 25, "seconds": 0.004547497956082225}
{"event": "prefix", "row": 107, "format": "grouped", "tokens": 26, "seconds": 0.0045735149178653955}
{"event": "prefix", "row": 107, "format": "grouped", "tokens": 27, "seconds": 0.606014693970792}
{"event": "prefix", "row": 107, "format": "grouped", "tokens": 28, "seconds": 0.0030446030432358384}
{"event": "prefix", "row": 107, "format": "grouped", "tokens": 29, "seconds": 0.0029188779881224036}
{"event": "prefix", "row": 107, "format": "grouped", "tokens": 30, "seconds": 0.002885436057113111}
{"event": "prefix", "row": 107, "format": "grouped", "tokens": 31, "seconds": 0.4398614759556949}
{"event": "prefix", "row": 107, "format": "grouped", "tokens": 32, "seconds": 0.00276459997985512}
{"event": "prefix", "row": 107, "format": "grouped", "tokens": 33, "seconds": 0.0027117609279230237}
{"event": "prefix", "row": 107, "format": "grouped", "tokens": 34, "seconds": 0.002719335025176406}
{"event": "prefix", "row": 107, "format": "grouped", "tokens": 35, "seconds": 0.33522038406226784}
{"event": "prefix", "row": 107, "format": "grouped", "tokens": 36, "seconds": 0.007281831000000238}
{"event": "prefix", "row": 107, "format": "grouped", "tokens": 37, "seconds": 2.2640725990058854}
{"event": "prefix", "row": 107, "format": "grouped", "tokens": 38, "seconds": 0.005851280060596764}
{"event": "prefix", "row": 107, "format": "grouped", "tokens": 39, "seconds": 0.00569532997906208}
{"event": "prefix", "row": 107, "format": "grouped", "tokens": 40, "seconds": 0.3326922470005229}
{"event": "prefix", "row": 107, "format": "grouped", "tokens": 41, "seconds": 0.00720566906966269}
{"event": "prefix", "row": 107, "format": "grouped", "tokens": 42, "seconds": 1.5741127289365977}
{"event": "prefix", "row": 107, "format": "grouped", "tokens": 43, "seconds": 1.80629986198619}
{"event": "prefix", "row": 107, "format": "grouped", "tokens": 44, "seconds": 0.19776071095839143}
{"event": "prefix", "row": 107, "format": "grouped", "tokens": 45, "seconds": 1.6001334129832685}
{"event": "prefix", "row": 107, "format": "grouped", "tokens": 46, "seconds": 0.20453010499477386}
{"event": "prefix", "row": 107, "format": "grouped", "tokens": 47, "seconds": 1.5811311579309404}
{"event": "prefix", "row": 107, "format": "grouped", "tokens": 48, "seconds": 0.20680993900168687}
{"event": "prefix", "row": 107, "format": "grouped", "tokens": 49, "seconds": 1.5972100590588525}
{"event": "prefix", "row": 107, "format": "grouped", "tokens": 50, "seconds": 0.21857847401406616}
{"event": "prefix", "row": 107, "format": "grouped", "tokens": 51, "seconds": 0.20122777100186795}
{"event": "prefix", "row": 107, "format": "grouped", "tokens": 52, "seconds": 0.0073727399576455355}
{"event": "prefix", "row": 107, "format": "grouped", "tokens": 53, "seconds": 2.2511748059187084}
{"event": "prefix", "row": 107, "format": "grouped", "tokens": 54, "seconds": 2.3287976109422743}
{"event": "prefix", "row": 107, "format": "grouped", "tokens": 55, "seconds": 0.3444229100132361}
{"event": "prefix", "row": 107, "format": "grouped", "tokens": 56, "seconds": 0.4753199360566214}
{"event": "prefix", "row": 107, "format": "grouped", "tokens": 57, "seconds": 0.09246292198076844}
{"event": "prefix", "row": 107, "format": "grouped", "tokens": 58, "seconds": 0.4600398470647633}
{"event": "prefix", "row": 107, "format": "grouped", "tokens": 59, "seconds": 0.09203793900087476}
{"event": "prefix", "row": 107, "format": "grouped", "tokens": 60, "seconds": 0.4561918450053781}
{"event": "prefix", "row": 107, "format": "grouped", "tokens": 61, "seconds": 0.09529241395648569}
{"event": "prefix", "row": 107, "format": "grouped", "tokens": 62, "seconds": 0.36092431808356196}
{"event": "prefix", "row": 107, "format": "grouped", "tokens": 63, "seconds": 0.007453851983882487}
{"event": "prefix", "row": 107, "format": "grouped", "tokens": 64, "seconds": 2.3369941679993644}
{"event": "prefix", "row": 107, "format": "grouped", "tokens": 65, "seconds": 3.0170438919449225}
{"event": "case_complete", "row": 107, "format": "grouped", "text_sha256": "4ed6e849af37ac7083fa7aaf33344f226eba1955a504f3a1d4bfba93d4a0437f", "full_reference_tokens": 673, "planned_prefix_tokens": 128, "measured_prefix_tokens": 65, "all_planned_prefixes_measured": false, "token_rejected": false, "elapsed_seconds": 32.58460674807429, "median_step_seconds": 0.09246292198076844, "max_step_seconds": 3.2734879970084876, "bound": "30s per case checked between tokens; outer180s hard timeout", "full_module_decode_claim": false, "model_improvement_claim": false}
{"event": "complete", "cases": 4, "model_weights_loaded": false}
