(* created new "/Users/eric/GitHub/prove-TLA/results/runs/proof-task-context-energy-20260917-v1/independent-official-v1/checks/16_consensus_forall/3/proof-34ta7pr9/.tlacache/16_consensus_forall.tlaps/16_consensus_forall.thy" *)
(* fingerprints written in "/Users/eric/GitHub/prove-TLA/results/runs/proof-task-context-energy-20260917-v1/independent-official-v1/checks/16_consensus_forall/3/proof-34ta7pr9/.tlacache/16_consensus_forall.tlaps/fingerprints" *)
File "./16_consensus_forall.tla", line 135, characters 1-2:
[ERROR]: Could not prove or check:
           ASSUME NEW CONSTANT Node,
                  NEW CONSTANT Value,
                  NEW CONSTANT Quorum,
                  NEW VARIABLE vote_request_msg,
                  NEW VARIABLE voted,
                  NEW VARIABLE vote_msg,
                  NEW VARIABLE votes,
                  NEW VARIABLE leader,
                  NEW VARIABLE voting_quorum,
                  NEW VARIABLE decided,
                  QuorumsAreNodePowersets == Quorum \subseteq SUBSET Node,
                  EmptyNotInQuorums == {} \notin Quorum,
                  QuorumsOverlap == \A Q1, Q2 \in Quorum : Q1 \cap Q2 # {},
                  Fin == IsFiniteSet(Node),
                  SMT 
           PROVE  IndAuto /\ Next => IndAuto'
File "./16_consensus_forall.tla", line 1, character 1 to line 136, character 4:
[ERROR]: 1/2 obligations failed.
There were backend errors processing module `"16_consensus_forall"`.
