./packet.json: OK
./plan.json: OK
./protected_sequence_train_polaris.pbs: OK
./tools/protected_checkpoint_preflight.py: OK
./tools/protected_sequence_objective_contract.py: OK
./tools/protected_sequence_preference_train.py: OK
[transformers] `torch_dtype` is deprecated! Use `dtype` instead!
Loading weights:   0%|          | 0/291 [00:00<?, ?it/s]Loading weights: 100%|██████████| 291/291 [00:00<00:00, 9250.60it/s]
Traceback (most recent call last):
  File "/home/eric-spencer/tla-sequence-train-20260914-v6/tools/protected_sequence_preference_train.py", line 336, in <module>
    main()
  File "/home/eric-spencer/tla-sequence-train-20260914-v6/tools/protected_sequence_preference_train.py", line 332, in main
    runtime_train(args.packet, args.plan, args.model, args.checkpoint, args.output)
  File "/home/eric-spencer/tla-sequence-train-20260914-v6/tools/protected_sequence_preference_train.py", line 314, in runtime_train
    atomic_publish(output, write_result)
  File "/home/eric-spencer/tla-sequence-train-20260914-v6/tools/protected_sequence_preference_train.py", line 149, in atomic_publish
    writer(staging)
  File "/home/eric-spencer/tla-sequence-train-20260914-v6/tools/protected_sequence_preference_train.py", line 300, in write_result
    save_child_checkpoint(torch, child, child_path)
  File "/home/eric-spencer/tla-sequence-train-20260914-v6/tools/protected_sequence_preference_train.py", line 138, in save_child_checkpoint
    torch_module.save(child, path, _use_new_zipfile_serialization=False)
  File "/home/eric-spencer/ChatTLA/.venv/lib/python3.12/site-packages/torch/serialization.py", line 1019, in save
    _legacy_save(obj, opened_file, pickle_module, pickle_protocol)
  File "/home/eric-spencer/ChatTLA/.venv/lib/python3.12/site-packages/torch/serialization.py", line 1179, in _legacy_save
    storage._write_file(
RuntimeError: write(): fd 67 failed with Disk quota exceeded
