Zenon error: exhausted search space without finding a proof
(* created new "/Users/eric/GitHub/prove-TLA/results/runs/tla-action-signature-20260917-v2/independent-score-official-v2/checks/24_toy_consensus/2/proof-i81laqro/.tlacache/24_toy_consensus.tlaps/24_toy_consensus.thy" *)
(* fingerprints written in "/Users/eric/GitHub/prove-TLA/results/runs/tla-action-signature-20260917-v2/independent-score-official-v2/checks/24_toy_consensus/2/proof-i81laqro/.tlacache/24_toy_consensus.tlaps/fingerprints" *)
File "./24_toy_consensus.tla", line 68, characters 53-59:
[ERROR]: Could not prove or check:
           ASSUME NEW CONSTANT Node,
                  NEW CONSTANT Value,
                  NEW CONSTANT Nil,
                  NEW VARIABLE vote,
                  NEW VARIABLE decision,
                  QuorumType == Quorums \subseteq SUBSET Node,
                  NodeFinite == IsFiniteSet(Node),
                  QuorumsAreNonEmpty == \A Q \in Quorums : Q # {},
                  QuorumsExist == Quorums # {},
                  ValueNonEmpty == Value # {},
                  NodeNonEmpty == Node # {},
                  QuorumsIntersect == \A Q1, Q2 \in Quorums : Q1 \cap Q2 # {},
                  NilType == Nil \notin Node /\ Nil \notin Value
           PROVE  IndAuto /\ Next => IndAuto'
File "./24_toy_consensus.tla", line 1, character 1 to line 69, character 4:
[ERROR]: 1/1 obligation failed.
There were backend errors processing module `"24_toy_consensus"`.
