
****** SANY2 Version 2.1 created 24 February 2014

Parsing file /Users/eric/GitHub/prove-TLA/results/runs/tla-prefix-repair-layout-aware-20260916-v9/sany-partial-audit/candidates/47-layout_aware_repair/W4Od2m7p4t2.tla
Parsing file /private/var/folders/2q/79m85_bj1qlbkz3sts_bdfl00000gn/T/Naturals.tla
Semantic processing of module Naturals
Semantic processing of module W4Od2m7p4t2
Semantic errors:

*** Errors: 7

line 15, col 17 to line 15, col 17 of module W4Od2m7p4t2

Multiply-defined symbol 'd': this definition or declaration conflicts 
with the one at line 14, col 14 to line 14, col 14 of module W4Od2m7p4t2.


line 16, col 17 to line 16, col 17 of module W4Od2m7p4t2

Multiply-defined symbol 'd': this definition or declaration conflicts 
with the one at line 14, col 14 to line 14, col 14 of module W4Od2m7p4t2.


line 17, col 17 to line 17, col 17 of module W4Od2m7p4t2

Multiply-defined symbol 'd': this definition or declaration conflicts 
with the one at line 14, col 14 to line 14, col 14 of module W4Od2m7p4t2.


line 19, col 14 to line 19, col 14 of module W4Od2m7p4t2

Multiply-defined symbol 'd': this definition or declaration conflicts 
with the one at line 14, col 14 to line 14, col 14 of module W4Od2m7p4t2.


line 20, col 17 to line 20, col 17 of module W4Od2m7p4t2

Multiply-defined symbol 'd': this definition or declaration conflicts 
with the one at line 14, col 14 to line 14, col 14 of module W4Od2m7p4t2.


line 21, col 17 to line 21, col 17 of module W4Od2m7p4t2

Multiply-defined symbol 'd': this definition or declaration conflicts 
with the one at line 14, col 14 to line 14, col 14 of module W4Od2m7p4t2.


line 22, col 17 to line 22, col 17 of module W4Od2m7p4t2

Multiply-defined symbol 'd': this definition or declaration conflicts 
with the one at line 14, col 14 to line 14, col 14 of module W4Od2m7p4t2.



