(* created new "/Users/eric/GitHub/prove-TLA/results/runs/tla-action-signature-20260917-v2/independent-score-official-v2/checks/22_simple_election/2/proof-ekvn79yq/.tlacache/22_simple_election.tlaps/22_simple_election.thy" *)
(* fingerprints written in "/Users/eric/GitHub/prove-TLA/results/runs/tla-action-signature-20260917-v2/independent-score-official-v2/checks/22_simple_election/2/proof-ekvn79yq/.tlacache/22_simple_election.tlaps/fingerprints" *)
File "./22_simple_election.tla", line 78, characters 53-54:
[ERROR]: Could not prove or check:
           ASSUME NEW CONSTANT Acceptor,
                  NEW CONSTANT Quorum,
                  NEW CONSTANT Proposer,
                  NEW VARIABLE start,
                  NEW VARIABLE promise,
                  NEW VARIABLE leader,
                  QuorumsNonEmpty == Quorum # {},
                  Fin == IsFiniteSet(Acceptor) /\ IsFiniteSet(Proposer),
                  QuorumsType == Quorum \subseteq SUBSET Acceptor,
                  QuorumsIntersect == \A Q1, Q2 \in Quorum : Q1 \cap Q2 # {},
                  NonEmpty == Proposer # {},
                  SMT 
           PROVE  IndAuto /\ Next => IndAuto'
File "./22_simple_election.tla", line 1, character 1 to line 79, character 4:
[ERROR]: 1/2 obligations failed.
There were backend errors processing module `"22_simple_election"`.
